23:02:18 **** Incremental Build of configuration Debug for project lab3_part3 ****
make all 
C:/Xilinx/Vitis/2022.2/gnuwin/bin/make --no-print-directory pre-build
a9-linaro-pre-build-step
' '
C:/Xilinx/Vitis/2022.2/gnuwin/bin/make --no-print-directory main-build
'Building file: ../src/helloworld.c'
'Invoking: ARM v7 gcc compiler'
arm-none-eabi-gcc -Wall -O0 -g3 -c -fmessage-length=0 -MT"src/helloworld.o" -mcpu=cortex-a9 -mfpu=vfpv3 -mfloat-abi=hard -IC:/Users/nlitz88/workspace/zed/export/zed/sw/zed/standalone_ps7_cortexa9_0/bspinclude/include -MMD -MP -MF"src/helloworld.d" -MT"src/helloworld.o" -o "src/helloworld.o" "../src/helloworld.c"
'Finished building: ../src/helloworld.c'
' '
'Building target: lab3_part3.elf'
'Invoking: ARM v7 gcc linker'
arm-none-eabi-gcc -mcpu=cortex-a9 -mfpu=vfpv3 -mfloat-abi=hard -Wl,-build-id=none -specs=Xilinx.spec -Wl,-T -Wl,../src/lscript.ld -LC:/Users/nlitz88/workspace/zed/export/zed/sw/zed/standalone_ps7_cortexa9_0/bsplib/lib -o "lab3_part3.elf"  ./src/helloworld.o ./src/platform.o   -Wl,--start-group,-lxil,-lgcc,-lc,--end-group
'Finished building target: lab3_part3.elf'
' '
'Invoking: ARM v7 Print Size'
arm-none-eabi-size lab3_part3.elf  |tee "lab3_part3.elf.size"
   text	   data	    bss	    dec	    hex	filename
  77422	   2550	  22656	 102628	  190e4	lab3_part3.elf
'Finished building: lab3_part3.elf.size'
' '

23:02:20 Build Finished (took 1s.490ms)

